// Jest Snapshot v1, https://goo.gl/fbAQLP

exports[`ClockIcon should match snapshot 1`] = `
<RNSVGSvgView
  align="xMidYMid"
  bbHeight={16}
  bbWidth={16}
  focusable={false}
  height={16}
  meetOrSlice={0}
  minX={0}
  minY={0}
  style={
    Array [
      Object {
        "backgroundColor": "transparent",
        "borderWidth": 0,
      },
      Object {
        "flex": 0,
        "height": 16,
        "width": 16,
      },
    ]
  }
  testID="clock-icon"
  vbHeight={97.16}
  vbWidth={97.16}
  width={16}
>
  <RNSVGGroup>
    <RNSVGGroup
      fill={4288585374}
      propList={
        Array [
          "fill",
        ]
      }
    >
      <RNSVGPath
        d="M48.58 0C21.793 0 0 21.793 0 48.58s21.793 48.58 48.58 48.58 48.58-21.793 48.58-48.58S75.367 0 48.58 0zm0 86.823c-21.087 0-38.244-17.155-38.244-38.243S27.493 10.337 48.58 10.337 86.824 27.492 86.824 48.58 69.667 86.823 48.58 86.823z"
      />
      <RNSVGPath
        d="M73.898 47.08H52.066V20.83a4 4 0 0 0-8 0v30.25a4 4 0 0 0 4 4h25.832a4 4 0 0 0 0-8z"
      />
    </RNSVGGroup>
  </RNSVGGroup>
</RNSVGSvgView>
`;
